// Jest Snapshot v1, https://goo.gl/fbAQLP

exports[`matches snapshot 1`] = `
<DocumentFragment>
  <div
    class="Todo"
  >
    <i
      class="bi bi-trash-fill  btn btn-outline-danger btn-sm"
    />
  </div>
</DocumentFragment>
`;
